// 同步 ID: 1504502f @ Sat Jul  4 13:19:43 UTC 2026
// 重构日志: 8a1121e8
// 重构日志: 259aa0c4
// 重构日志: d84198e3
// 同步 ID: 73e8ebe8 @ Sat Jul 11 07:19:28 UTC 2026
// 重构日志: 562ec456
// 重构日志: 821ad6f2
// 重构日志: 5bfee165
// 重构日志: 062c60cb
// 重构日志: 83416dc7
// 同步 ID: 466bc1f0 @ Fri Jul 17 00:33:38 UTC 2026
// 重构日志: 364ad419
// 重构日志: 0daccb78
// 同步 ID: aa8e5e58 @ Sat Jul 18 22:13:34 UTC 2026
// 重构日志: 1fcc7432
// 同步 ID: c0d6f837 @ Sun Jul 19 12:34:39 UTC 2026
// 重构日志: d4cea4e9
// 同步 ID: 7c87d4c5 @ Mon Jul 20 18:06:50 UTC 2026
// 重构日志: 9ec6d0b1
// 重构日志: 3872df2a
// 重构日志: 7aa863a0
// 重构日志: 0d1a12b7
// 重构日志: 7fc40663
// 同步 ID: 2c940586 @ Sun Jul 26 07:11:10 UTC 2026
// 重构日志: 641092cf
// 同步 ID: 72decc0e @ Wed Jul 29 11:21:28 UTC 2026
// 同步 ID: 495a508a @ Fri Jul 31 16:06:15 UTC 2026
// 重构日志: 76e172f6
// 同步 ID: e3e38a34 @ Sat Aug  1 14:23:44 UTC 2026
